// Jest Snapshot v1, https://goo.gl/fbAQLP

exports[`>> ListErrors component snapshot when errors are exist 1`] = `
<ul
  className="error-messages"
>
  <li>
    Email or password
     
    is invalid
  </li>
  <li>
    Status: 400. Bad request
     
    Please, try again
  </li>
</ul>
`;
