// Jest Snapshot v1, https://goo.gl/fbAQLP

exports[`>> Home container snapshot Home 1`] = `ShallowWrapper {}`;
